1749678131.464082 client started (65331): version 3.4, socket /private/tmp/tmux-501/default, protocol 8
1749678131.464181 on Darwin 23.5.0 Darwin Kernel Version 23.5.0: Wed May  1 20:12:58 PDT 2024; root:xnu-10063.121.3~5/RELEASE_ARM64_T6000
1749678131.464201 using libevent 2.1.12-stable select
1749678131.464618 using utf8proc 2.9.0
1749678131.464639 using ncurses 6.5 20240427
1749678131.464677 flags are 0x10010000
1749678131.464690 socket is /private/tmp/tmux-501/default
1749678131.464711 trying connect
1749678131.464792 add peer 0x110008000: 6 (0x0)
1749678131.467146 sending message 100 to peer 0x110008000 (4 bytes)
1749678131.467160 sending message 111 to peer 0x110008000 (8 bytes)
1749678131.467167 sending message 101 to peer 0x110008000 (14 bytes)
1749678131.467173 sending message 109 to peer 0x110008000 (4 bytes)
1749678131.467180 sending message 102 to peer 0x110008000 (13 bytes)
1749678131.467186 sending message 108 to peer 0x110008000 (27 bytes)
1749678131.467192 sending message 112 to peer 0x110008000 (70 bytes)
1749678131.467198 sending message 112 to peer 0x110008000 (5 bytes)
1749678131.467204 sending message 112 to peer 0x110008000 (5 bytes)
1749678131.467210 sending message 112 to peer 0x110008000 (6 bytes)
1749678131.467216 sending message 112 to peer 0x110008000 (6 bytes)
1749678131.467222 sending message 112 to peer 0x110008000 (11 bytes)
1749678131.467228 sending message 112 to peer 0x110008000 (10 bytes)
1749678131.467234 sending message 112 to peer 0x110008000 (13 bytes)
1749678131.467240 sending message 112 to peer 0x110008000 (13 bytes)
1749678131.467245 sending message 112 to peer 0x110008000 (18 bytes)
1749678131.467251 sending message 112 to peer 0x110008000 (11 bytes)
1749678131.467257 sending message 112 to peer 0x110008000 (10 bytes)
1749678131.467263 sending message 112 to peer 0x110008000 (15 bytes)
1749678131.467269 sending message 112 to peer 0x110008000 (21 bytes)
1749678131.467275 sending message 112 to peer 0x110008000 (13 bytes)
1749678131.467281 sending message 112 to peer 0x110008000 (7 bytes)
1749678131.467287 sending message 112 to peer 0x110008000 (13 bytes)
1749678131.467293 sending message 112 to peer 0x110008000 (7 bytes)
1749678131.467298 sending message 112 to peer 0x110008000 (13 bytes)
1749678131.467304 sending message 112 to peer 0x110008000 (9 bytes)
1749678131.467310 sending message 112 to peer 0x110008000 (21 bytes)
1749678131.467316 sending message 112 to peer 0x110008000 (13 bytes)
1749678131.467322 sending message 112 to peer 0x110008000 (8 bytes)
1749678131.467327 sending message 112 to peer 0x110008000 (12 bytes)
1749678131.467333 sending message 112 to peer 0x110008000 (13 bytes)
1749678131.467339 sending message 112 to peer 0x110008000 (9 bytes)
1749678131.467345 sending message 112 to peer 0x110008000 (9 bytes)
1749678131.467351 sending message 112 to peer 0x110008000 (12 bytes)
1749678131.467358 sending message 112 to peer 0x110008000 (8 bytes)
1749678131.467364 sending message 112 to peer 0x110008000 (8 bytes)
1749678131.467370 sending message 112 to peer 0x110008000 (7 bytes)
1749678131.467375 sending message 112 to peer 0x110008000 (7 bytes)
1749678131.467381 sending message 112 to peer 0x110008000 (9 bytes)
1749678131.467387 sending message 112 to peer 0x110008000 (13 bytes)
1749678131.467393 sending message 112 to peer 0x110008000 (6 bytes)
1749678131.467398 sending message 112 to peer 0x110008000 (9 bytes)
1749678131.467404 sending message 112 to peer 0x110008000 (15 bytes)
1749678131.467410 sending message 112 to peer 0x110008000 (13 bytes)
1749678131.467416 sending message 112 to peer 0x110008000 (12 bytes)
1749678131.467422 sending message 112 to peer 0x110008000 (8 bytes)
1749678131.467427 sending message 112 to peer 0x110008000 (14 bytes)
1749678131.467433 sending message 112 to peer 0x110008000 (11 bytes)
1749678131.467439 sending message 112 to peer 0x110008000 (9 bytes)
1749678131.467445 sending message 112 to peer 0x110008000 (10 bytes)
1749678131.467451 sending message 112 to peer 0x110008000 (10 bytes)
1749678131.467457 sending message 112 to peer 0x110008000 (10 bytes)
1749678131.467475 sending message 112 to peer 0x110008000 (10 bytes)
1749678131.467479 sending message 112 to peer 0x110008000 (11 bytes)
1749678131.467484 sending message 112 to peer 0x110008000 (12 bytes)
1749678131.467488 sending message 112 to peer 0x110008000 (12 bytes)
1749678131.467492 sending message 112 to peer 0x110008000 (12 bytes)
1749678131.467497 sending message 112 to peer 0x110008000 (12 bytes)
1749678131.467501 sending message 112 to peer 0x110008000 (12 bytes)
1749678131.467505 sending message 112 to peer 0x110008000 (11 bytes)
1749678131.467509 sending message 112 to peer 0x110008000 (11 bytes)
1749678131.467514 sending message 112 to peer 0x110008000 (12 bytes)
1749678131.467518 sending message 112 to peer 0x110008000 (12 bytes)
1749678131.467522 sending message 112 to peer 0x110008000 (12 bytes)
1749678131.467526 sending message 112 to peer 0x110008000 (12 bytes)
1749678131.467530 sending message 112 to peer 0x110008000 (12 bytes)
1749678131.467534 sending message 112 to peer 0x110008000 (10 bytes)
1749678131.467539 sending message 112 to peer 0x110008000 (12 bytes)
1749678131.467543 sending message 112 to peer 0x110008000 (13 bytes)
1749678131.467547 sending message 112 to peer 0x110008000 (13 bytes)
1749678131.467551 sending message 112 to peer 0x110008000 (13 bytes)
1749678131.467555 sending message 112 to peer 0x110008000 (13 bytes)
1749678131.467559 sending message 112 to peer 0x110008000 (13 bytes)
1749678131.467564 sending message 112 to peer 0x110008000 (8 bytes)
1749678131.467568 sending message 112 to peer 0x110008000 (11 bytes)
1749678131.467572 sending message 112 to peer 0x110008000 (11 bytes)
1749678131.467576 sending message 112 to peer 0x110008000 (11 bytes)
1749678131.467580 sending message 112 to peer 0x110008000 (12 bytes)
1749678131.467584 sending message 112 to peer 0x110008000 (12 bytes)
1749678131.467590 sending message 112 to peer 0x110008000 (12 bytes)
1749678131.467594 sending message 112 to peer 0x110008000 (12 bytes)
1749678131.467598 sending message 112 to peer 0x110008000 (13 bytes)
1749678131.467602 sending message 112 to peer 0x110008000 (13 bytes)
1749678131.467606 sending message 112 to peer 0x110008000 (13 bytes)
1749678131.467610 sending message 112 to peer 0x110008000 (8 bytes)
1749678131.467615 sending message 112 to peer 0x110008000 (13 bytes)
1749678131.467619 sending message 112 to peer 0x110008000 (13 bytes)
1749678131.467623 sending message 112 to peer 0x110008000 (13 bytes)
1749678131.467627 sending message 112 to peer 0x110008000 (13 bytes)
1749678131.467631 sending message 112 to peer 0x110008000 (13 bytes)
1749678131.467635 sending message 112 to peer 0x110008000 (12 bytes)
1749678131.467639 sending message 112 to peer 0x110008000 (12 bytes)
1749678131.467643 sending message 112 to peer 0x110008000 (12 bytes)
1749678131.467647 sending message 112 to peer 0x110008000 (12 bytes)
1749678131.467652 sending message 112 to peer 0x110008000 (13 bytes)
1749678131.467656 sending message 112 to peer 0x110008000 (8 bytes)
1749678131.467660 sending message 112 to peer 0x110008000 (13 bytes)
1749678131.467664 sending message 112 to peer 0x110008000 (13 bytes)
1749678131.467668 sending message 112 to peer 0x110008000 (13 bytes)
1749678131.467672 sending message 112 to peer 0x110008000 (13 bytes)
1749678131.467676 sending message 112 to peer 0x110008000 (13 bytes)
1749678131.467680 sending message 112 to peer 0x110008000 (13 bytes)
1749678131.467684 sending message 112 to peer 0x110008000 (13 bytes)
1749678131.467689 sending message 112 to peer 0x110008000 (12 bytes)
1749678131.467693 sending message 112 to peer 0x110008000 (12 bytes)
1749678131.467697 sending message 112 to peer 0x110008000 (12 bytes)
1749678131.467701 sending message 112 to peer 0x110008000 (8 bytes)
1749678131.467705 sending message 112 to peer 0x110008000 (12 bytes)
1749678131.467709 sending message 112 to peer 0x110008000 (13 bytes)
1749678131.467713 sending message 112 to peer 0x110008000 (13 bytes)
1749678131.467718 sending message 112 to peer 0x110008000 (13 bytes)
1749678131.467722 sending message 112 to peer 0x110008000 (13 bytes)
1749678131.467735 sending message 112 to peer 0x110008000 (13 bytes)
1749678131.467739 sending message 112 to peer 0x110008000 (13 bytes)
1749678131.467743 sending message 112 to peer 0x110008000 (13 bytes)
1749678131.467747 sending message 112 to peer 0x110008000 (13 bytes)
1749678131.467752 sending message 112 to peer 0x110008000 (12 bytes)
1749678131.467756 sending message 112 to peer 0x110008000 (10 bytes)
1749678131.467760 sending message 112 to peer 0x110008000 (12 bytes)
1749678131.467765 sending message 112 to peer 0x110008000 (12 bytes)
1749678131.467769 sending message 112 to peer 0x110008000 (12 bytes)
1749678131.467773 sending message 112 to peer 0x110008000 (13 bytes)
1749678131.467777 sending message 112 to peer 0x110008000 (13 bytes)
1749678131.467782 sending message 112 to peer 0x110008000 (13 bytes)
1749678131.467786 sending message 112 to peer 0x110008000 (13 bytes)
1749678131.467790 sending message 112 to peer 0x110008000 (13 bytes)
1749678131.467794 sending message 112 to peer 0x110008000 (13 bytes)
1749678131.467798 sending message 112 to peer 0x110008000 (13 bytes)
1749678131.467802 sending message 112 to peer 0x110008000 (10 bytes)
1749678131.467806 sending message 112 to peer 0x110008000 (13 bytes)
1749678131.467810 sending message 112 to peer 0x110008000 (12 bytes)
1749678131.467814 sending message 112 to peer 0x110008000 (12 bytes)
1749678131.467818 sending message 112 to peer 0x110008000 (12 bytes)
1749678131.467823 sending message 112 to peer 0x110008000 (10 bytes)
1749678131.467827 sending message 112 to peer 0x110008000 (10 bytes)
1749678131.467831 sending message 112 to peer 0x110008000 (10 bytes)
1749678131.467835 sending message 112 to peer 0x110008000 (12 bytes)
1749678131.467839 sending message 112 to peer 0x110008000 (13 bytes)
1749678131.467843 sending message 112 to peer 0x110008000 (13 bytes)
1749678131.467848 sending message 112 to peer 0x110008000 (13 bytes)
1749678131.467852 sending message 112 to peer 0x110008000 (13 bytes)
1749678131.467856 sending message 112 to peer 0x110008000 (13 bytes)
1749678131.467860 sending message 112 to peer 0x110008000 (11 bytes)
1749678131.467864 sending message 112 to peer 0x110008000 (11 bytes)
1749678131.467868 sending message 112 to peer 0x110008000 (12 bytes)
1749678131.467872 sending message 112 to peer 0x110008000 (12 bytes)
1749678131.467876 sending message 112 to peer 0x110008000 (12 bytes)
1749678131.467880 sending message 112 to peer 0x110008000 (12 bytes)
1749678131.467884 sending message 112 to peer 0x110008000 (12 bytes)
1749678131.467889 sending message 112 to peer 0x110008000 (11 bytes)
1749678131.467893 sending message 112 to peer 0x110008000 (12 bytes)
1749678131.467897 sending message 112 to peer 0x110008000 (12 bytes)
1749678131.467901 sending message 112 to peer 0x110008000 (13 bytes)
1749678131.467905 sending message 112 to peer 0x110008000 (13 bytes)
1749678131.467909 sending message 112 to peer 0x110008000 (13 bytes)
1749678131.467914 sending message 112 to peer 0x110008000 (13 bytes)
1749678131.467918 sending message 112 to peer 0x110008000 (13 bytes)
1749678131.467922 sending message 112 to peer 0x110008000 (10 bytes)
1749678131.467926 sending message 112 to peer 0x110008000 (9 bytes)
1749678131.467930 sending message 112 to peer 0x110008000 (12 bytes)
1749678131.467934 sending message 112 to peer 0x110008000 (13 bytes)
1749678131.467938 sending message 112 to peer 0x110008000 (13 bytes)
1749678131.467942 sending message 112 to peer 0x110008000 (13 bytes)
1749678131.467946 sending message 112 to peer 0x110008000 (13 bytes)
1749678131.467951 sending message 112 to peer 0x110008000 (13 bytes)
1749678131.467955 sending message 112 to peer 0x110008000 (9 bytes)
1749678131.467959 sending message 112 to peer 0x110008000 (12 bytes)
1749678131.467963 sending message 112 to peer 0x110008000 (13 bytes)
1749678131.467967 sending message 112 to peer 0x110008000 (13 bytes)
1749678131.467971 sending message 112 to peer 0x110008000 (13 bytes)
1749678131.467975 sending message 112 to peer 0x110008000 (13 bytes)
1749678131.467985 sending message 112 to peer 0x110008000 (13 bytes)
1749678131.467989 sending message 112 to peer 0x110008000 (11 bytes)
1749678131.467994 sending message 112 to peer 0x110008000 (12 bytes)
1749678131.467998 sending message 112 to peer 0x110008000 (13 bytes)
1749678131.468002 sending message 112 to peer 0x110008000 (13 bytes)
1749678131.468006 sending message 112 to peer 0x110008000 (13 bytes)
1749678131.468010 sending message 112 to peer 0x110008000 (13 bytes)
1749678131.468014 sending message 112 to peer 0x110008000 (13 bytes)
1749678131.468018 sending message 112 to peer 0x110008000 (11 bytes)
1749678131.468022 sending message 112 to peer 0x110008000 (12 bytes)
1749678131.468026 sending message 112 to peer 0x110008000 (12 bytes)
1749678131.468031 sending message 112 to peer 0x110008000 (12 bytes)
1749678131.468035 sending message 112 to peer 0x110008000 (12 bytes)
1749678131.468039 sending message 112 to peer 0x110008000 (12 bytes)
1749678131.468043 sending message 112 to peer 0x110008000 (21 bytes)
1749678131.468047 sending message 112 to peer 0x110008000 (12 bytes)
1749678131.468051 sending message 112 to peer 0x110008000 (9 bytes)
1749678131.468055 sending message 112 to peer 0x110008000 (6 bytes)
1749678131.468059 sending message 112 to peer 0x110008000 (13 bytes)
1749678131.468064 sending message 112 to peer 0x110008000 (8 bytes)
1749678131.468068 sending message 112 to peer 0x110008000 (15 bytes)
1749678131.468072 sending message 112 to peer 0x110008000 (13 bytes)
1749678131.468076 sending message 112 to peer 0x110008000 (9 bytes)
1749678131.468080 sending message 112 to peer 0x110008000 (70 bytes)
1749678131.468085 sending message 112 to peer 0x110008000 (69 bytes)
1749678131.468089 sending message 112 to peer 0x110008000 (10 bytes)
1749678131.468093 sending message 112 to peer 0x110008000 (10 bytes)
1749678131.468097 sending message 112 to peer 0x110008000 (8 bytes)
1749678131.468101 sending message 112 to peer 0x110008000 (15 bytes)
1749678131.468105 sending message 112 to peer 0x110008000 (13 bytes)
1749678131.468109 sending message 112 to peer 0x110008000 (10 bytes)
1749678131.468113 sending message 112 to peer 0x110008000 (10 bytes)
1749678131.468118 sending message 112 to peer 0x110008000 (17 bytes)
1749678131.468122 sending message 112 to peer 0x110008000 (10 bytes)
1749678131.468126 sending message 112 to peer 0x110008000 (13 bytes)
1749678131.468130 sending message 112 to peer 0x110008000 (9 bytes)
1749678131.468134 sending message 112 to peer 0x110008000 (5 bytes)
1749678131.468138 sending message 112 to peer 0x110008000 (15 bytes)
1749678131.468143 sending message 104 to peer 0x110008000 (0 bytes)
1749678131.468148 sending message 110 to peer 0x110008000 (0 bytes)
1749678131.468152 sending message 107 to peer 0x110008000 (4 bytes)
1749678131.468156 sending message 105 to peer 0x110008000 (20 bytes)
1749678131.468161 sending message 105 to peer 0x110008000 (22 bytes)
1749678131.468165 sending message 105 to peer 0x110008000 (57 bytes)
1749678131.468169 sending message 105 to peer 0x110008000 (75 bytes)
1749678131.468174 sending message 105 to peer 0x110008000 (36 bytes)
1749678131.468178 sending message 105 to peer 0x110008000 (19 bytes)
1749678131.468182 sending message 105 to peer 0x110008000 (37 bytes)
1749678131.468186 sending message 105 to peer 0x110008000 (30 bytes)
1749678131.468190 sending message 105 to peer 0x110008000 (34 bytes)
1749678131.468194 sending message 105 to peer 0x110008000 (60 bytes)
1749678131.468198 sending message 105 to peer 0x110008000 (17 bytes)
1749678131.468203 sending message 105 to peer 0x110008000 (8 bytes)
1749678131.468207 sending message 105 to peer 0x110008000 (15 bytes)
1749678131.468211 sending message 105 to peer 0x110008000 (32 bytes)
1749678131.468215 sending message 105 to peer 0x110008000 (96 bytes)
1749678131.468219 sending message 105 to peer 0x110008000 (106 bytes)
1749678131.468224 sending message 105 to peer 0x110008000 (15 bytes)
1749678131.468228 sending message 105 to peer 0x110008000 (34 bytes)
1749678131.468242 sending message 105 to peer 0x110008000 (11 bytes)
1749678131.468247 sending message 105 to peer 0x110008000 (465 bytes)
1749678131.468251 sending message 105 to peer 0x110008000 (31 bytes)
1749678131.468256 sending message 105 to peer 0x110008000 (15 bytes)
1749678131.468260 sending message 105 to peer 0x110008000 (8 bytes)
1749678131.468264 sending message 105 to peer 0x110008000 (66 bytes)
1749678131.468269 sending message 105 to peer 0x110008000 (38 bytes)
1749678131.468273 sending message 105 to peer 0x110008000 (19 bytes)
1749678131.468278 sending message 105 to peer 0x110008000 (19 bytes)
1749678131.468282 sending message 105 to peer 0x110008000 (63 bytes)
1749678131.468286 sending message 105 to peer 0x110008000 (18 bytes)
1749678131.468290 sending message 105 to peer 0x110008000 (25 bytes)
1749678131.468295 sending message 105 to peer 0x110008000 (57 bytes)
1749678131.468299 sending message 105 to peer 0x110008000 (43 bytes)
1749678131.468303 sending message 105 to peer 0x110008000 (13 bytes)
1749678131.468307 sending message 105 to peer 0x110008000 (61 bytes)
1749678131.468311 sending message 105 to peer 0x110008000 (12 bytes)
1749678131.468316 sending message 105 to peer 0x110008000 (98 bytes)
1749678131.468320 sending message 105 to peer 0x110008000 (14 bytes)
1749678131.468328 sending message 105 to peer 0x110008000 (19 bytes)
1749678131.468332 sending message 105 to peer 0x110008000 (29 bytes)
1749678131.468337 sending message 105 to peer 0x110008000 (43 bytes)
1749678131.468341 sending message 105 to peer 0x110008000 (33 bytes)
1749678131.468345 sending message 105 to peer 0x110008000 (125 bytes)
1749678131.468350 sending message 105 to peer 0x110008000 (477 bytes)
1749678131.468354 sending message 105 to peer 0x110008000 (228 bytes)
1749678131.468358 sending message 105 to peer 0x110008000 (25 bytes)
1749678131.468362 sending message 106 to peer 0x110008000 (0 bytes)
1749678131.468445 sending message 200 to peer 0x110008000 (4 bytes)
1749678131.468452 client loop enter
1749678131.468705 peer 0x110008000 message 303
1749678131.468713 open write file 2 -
1749678131.468725 sending message 305 to peer 0x110008000 (8 bytes)
1749678131.468739 write check file 2
1749678131.468762 peer 0x110008000 message 304
1749678131.468767 write 58 to file 2
1749678131.468772 peer 0x110008000 message 203
1749678131.468777 file 2 58 bytes left
1749678131.468792 write check file 2
1749678131.468796 client loop exit
